[
  {
    "ID": ".composer-phpext-rundeps@0",
    "Name": ".composer-phpext-rundeps",
    "Version": "0",
    "DependsOn": [
      "libsodium@1.0.15-r0",
      "musl@1.1.18-r3",
      "zlib@1.2.11-r1"
    ],
    "Layer": {
      "Digest": "sha256:1eea04acda91d39256def9ea27cb33007e243a1b4f7f8908bcfd9d3de376905d",
      "DiffID": "sha256:2f4a5c9187c249834ebc28783bd3c65bdcbacaa8baa6620ddaa27846dd3ef708"
    }
  },
  {
    "ID": ".persistent-deps@0",
    "Name": ".persistent-deps",
    "Version": "0",
    "DependsOn": [
      "ca-certificates@20171114-r0",
      "curl@7.61.0-r0",
      "libressl@2.6.5-r0",
      "tar@1.29-r1",
      "xz@5.2.3-r1"
    ],
    "Layer": {
      "Digest": "sha256:88777455d910410652665cec0149a02db3584d6dc26e306788a3532d480b00ae",
      "DiffID": "sha256:0ea33a93585cf1917ba522b2304634c3073654062d5282c1346322967790ef33"
    }
  },
  {
    "ID": ".php-rundeps@0",
    "Name": ".php-rundeps",
    "Version": "0",
    "DependsOn": [
      "libcurl@7.61.1-r0",
      "libedit@20170329.3.1-r3",
      "libressl2.6-libcrypto@2.6.5-r0",
      "libressl2.6-libssl@2.6.5-r0",
      "libsodium@1.0.15-r0",
      "libxml2@2.9.7-r0",
      "musl@1.1.18-r3",
      "zlib@1.2.11-r1"
    ],
    "Layer": {
      "Digest": "sha256:3d6152f6ac208640f9fb494d1c379fe508db1fc5754cd08fefec200bddd13e0e",
      "DiffID": "sha256:6408527580eade39c2692dbb6b0f6a9321448d06ea1c2eef06bb7f37da9c5013"
    }
  },
  {
    "ID": "alpine-baselayout@3.0.5-r2",
    "Name": "alpine-baselayout",
    "Version": "3.0.5-r2",
    "SrcName": "alpine-baselayout",
    "SrcVersion": "3.0.5-r2",
    "Licenses": [
      "GPL-2.0"
    ],
    "DependsOn": [
      "busybox@1.27.2-r11",
      "musl@1.1.18-r3"
    ],
    "Layer": {
      "Digest": "sha256:c67f3896b22c1378881cbbb9c9d1edfe881fd07f713371835ef46d93c649684d",
      "DiffID": "sha256:ebf12965380b39889c99a9c02e82ba465f887b45975b6e389d42e9e6a3857888"
    }
  },
  {
    "ID": "alpine-keys@2.1-r1",
    "Name": "alpine-keys",
    "Version": "2.1-r1",
    "SrcName": "alpine-keys",
    "SrcVersion": "2.1-r1",
    "Licenses": [
      "MIT"
    ],
    "Layer": {
      "Digest": "sha256:c67f3896b22c1378881cbbb9c9d1edfe881fd07f713371835ef46d93c649684d",
      "DiffID": "sha256:ebf12965380b39889c99a9c02e82ba465f887b45975b6e389d42e9e6a3857888"
    }
  },
  {
    "ID": "apk-tools@2.10.1-r0",
    "Name": "apk-tools",
    "Version": "2.10.1-r0",
    "SrcName": "apk-tools",
    "SrcVersion": "2.10.1-r0",
    "Licenses": [
      "GPL-2.0"
    ],
    "DependsOn": [
      "libressl2.6-libcrypto@2.6.5-r0",
      "libressl2.6-libssl@2.6.5-r0",
      "musl@1.1.18-r3",
      "zlib@1.2.11-r1"
    ],
    "Layer": {
      "Digest": "sha256:c67f3896b22c1378881cbbb9c9d1edfe881fd07f713371835ef46d93c649684d",
      "DiffID": "sha256:ebf12965380b39889c99a9c02e82ba465f887b45975b6e389d42e9e6a3857888"
    }
  },
  {
    "ID": "apr@1.6.3-r0",
    "Name": "apr",
    "Version": "1.6.3-r0",
    "SrcName": "apr",
    "SrcVersion": "1.6.3-r0",
    "Licenses": [
      "ASL2.0"
    ],
    "DependsOn": [
      "libuuid@2.31-r0",
      "musl@1.1.18-r3"
    ],
    "Layer": {
      "Digest": "sha256:c191915691a422a1b0230c9010165ff655204a9fd95e3b43151132bcb237826b",
      "DiffID": "sha256:2da3602d664dd3f71fae83cbc566d4e80b432c6ee8bb4efd94c8e85122f503d4"
    }
  },
  {
    "ID": "apr-util@1.6.1-r1",
    "Name": "apr-util",
    "Version": "1.6.1-r1",
    "SrcName": "apr-util",
    "SrcVersion": "1.6.1-r1",
    "Licenses": [
      "ASL2.0"
    ],
    "DependsOn": [
      "apr@1.6.3-r0",
      "expat@2.2.5-r0",
      "libressl2.6-libcrypto@2.6.5-r0",
      "musl@1.1.18-r3"
    ],
    "Layer": {
      "Digest": "sha256:c191915691a422a1b0230c9010165ff655204a9fd95e3b43151132bcb237826b",
      "DiffID": "sha256:2da3602d664dd3f71fae83cbc566d4e80b432c6ee8bb4efd94c8e85122f503d4"
    }
  },
  {
    "ID": "bash@4.4.19-r1",
    "Name": "bash",
    "Version": "4.4.19-r1",
    "SrcName": "bash",
    "SrcVersion": "4.4.19-r1",
    "Licenses": [
      "GPL-3.0"
    ],
    "DependsOn": [
      "busybox@1.27.2-r11",
      "musl@1.1.18-r3",
      "pkgconf@1.3.10-r0",
      "readline@7.0.003-r0"
    ],
    "Layer": {
      "Digest": "sha256:c191915691a422a1b0230c9010165ff655204a9fd95e3b43151132bcb237826b",
      "DiffID": "sha256:2da3602d664dd3f71fae83cbc566d4e80b432c6ee8bb4efd94c8e85122f503d4"
    }
  },
  {
    "ID": "busybox@1.27.2-r11",
    "Name": "busybox",
    "Version": "1.27.2-r11",
    "SrcName": "busybox",
    "SrcVersion": "1.27.2-r11",
    "Licenses": [
      "GPL-2.0"
    ],
    "DependsOn": [
      "musl@1.1.18-r3"
    ],
    "Layer": {
      "Digest": "sha256:c67f3896b22c1378881cbbb9c9d1edfe881fd07f713371835ef46d93c649684d",
      "DiffID": "sha256:ebf12965380b39889c99a9c02e82ba465f887b45975b6e389d42e9e6a3857888"
    }
  },
  {
    "ID": "ca-certificates@20171114-r0",
    "Name": "ca-certificates",
    "Version": "20171114-r0",
    "SrcName": "ca-certificates",
    "SrcVersion": "20171114-r0",
    "Licenses": [
      "MPL-2.0",
      "GPL-2.0"
    ],
    "DependsOn": [
      "busybox@1.27.2-r11",
      "libressl2.6-libcrypto@2.6.5-r0",
      "musl@1.1.18-r3"
    ],
    "Layer": {
      "Digest": "sha256:88777455d910410652665cec0149a02db3584d6dc26e306788a3532d480b00ae",
      "DiffID": "sha256:0ea33a93585cf1917ba522b2304634c3073654062d5282c1346322967790ef33"
    }
  },
  {
    "ID": "curl@7.61.0-r0",
    "Name": "curl",
    "Version": "7.61.0-r0",
    "SrcName": "curl",
    "SrcVersion": "7.61.0-r0",
    "Licenses": [
      "MIT"
    ],
    "DependsOn": [
      "ca-certificates@20171114-r0",
      "libcurl@7.61.1-r0",
      "musl@1.1.18-r3",
      "zlib@1.2.11-r1"
    ],
    "Layer": {
      "Digest": "sha256:88777455d910410652665cec0149a02db3584d6dc26e306788a3532d480b00ae",
      "DiffID": "sha256:0ea33a93585cf1917ba522b2304634c3073654062d5282c1346322967790ef33"
    }
  },
  {
    "ID": "db@5.3.28-r0",
    "Name": "db",
    "Version": "5.3.28-r0",
    "SrcName": "db",
    "SrcVersion": "5.3.28-r0",
    "Licenses": [
      "custom"
    ],
    "DependsOn": [
      "musl@1.1.18-r3"
    ],
    "Layer": {
      "Digest": "sha256:c191915691a422a1b0230c9010165ff655204a9fd95e3b43151132bcb237826b",
      "DiffID": "sha256:2da3602d664dd3f71fae83cbc566d4e80b432c6ee8bb4efd94c8e85122f503d4"
    }
  },
  {
    "ID": "expat@2.2.5-r0",
    "Name": "expat",
    "Version": "2.2.5-r0",
    "SrcName": "expat",
    "SrcVersion": "2.2.5-r0",
    "Licenses": [
      "MIT"
    ],
    "DependsOn": [
      "musl@1.1.18-r3"
    ],
    "Layer": {
      "Digest": "sha256:c191915691a422a1b0230c9010165ff655204a9fd95e3b43151132bcb237826b",
      "DiffID": "sha256:2da3602d664dd3f71fae83cbc566d4e80b432c6ee8bb4efd94c8e85122f503d4"
    }
  },
  {
    "ID": "gdbm@1.13-r1",
    "Name": "gdbm",
    "Version": "1.13-r1",
    "SrcName": "gdbm",
    "SrcVersion": "1.13-r1",
    "Licenses": [
      "GPL-3.0"
    ],
    "DependsOn": [
      "musl@1.1.18-r3"
    ],
    "Layer": {
      "Digest": "sha256:c191915691a422a1b0230c9010165ff655204a9fd95e3b43151132bcb237826b",
      "DiffID": "sha256:2da3602d664dd3f71fae83cbc566d4e80b432c6ee8bb4efd94c8e85122f503d4"
    }
  },
  {
    "ID": "git@2.15.2-r0",
    "Name": "git",
    "Version": "2.15.2-r0",
    "SrcName": "git",
    "SrcVersion": "2.15.2-r0",
    "Licenses": [
      "GPL-2.0"
    ],
    "DependsOn": [
      "expat@2.2.5-r0",
      "libcurl@7.61.1-r0",
      "musl@1.1.18-r3",
      "pcre2@10.30-r0",
      "zlib@1.2.11-r1"
    ],
    "Layer": {
      "Digest": "sha256:c191915691a422a1b0230c9010165ff655204a9fd95e3b43151132bcb237826b",
      "DiffID": "sha256:2da3602d664dd3f71fae83cbc566d4e80b432c6ee8bb4efd94c8e85122f503d4"
    }
  },
  {
    "ID": "libbz2@1.0.6-r6",
    "Name": "libbz2",
    "Version": "1.0.6-r6",
    "SrcName": "bzip2",
    "SrcVersion": "1.0.6-r6",
    "Licenses": [
      "BSD-3-Clause"
    ],
    "DependsOn": [
      "musl@1.1.18-r3"
    ],
    "Layer": {
      "Digest": "sha256:c191915691a422a1b0230c9010165ff655204a9fd95e3b43151132bcb237826b",
      "DiffID": "sha256:2da3602d664dd3f71fae83cbc566d4e80b432c6ee8bb4efd94c8e85122f503d4"
    }
  },
  {
    "ID": "libc-utils@0.7.1-r0",
    "Name": "libc-utils",
    "Version": "0.7.1-r0",
    "SrcName": "libc-dev",
    "SrcVersion": "0.7.1-r0",
    "Licenses": [
      "BSD-3-Clause"
    ],
    "DependsOn": [
      "musl-utils@1.1.18-r3"
    ],
    "Layer": {
      "Digest": "sha256:c67f3896b22c1378881cbbb9c9d1edfe881fd07f713371835ef46d93c649684d",
      "DiffID": "sha256:ebf12965380b39889c99a9c02e82ba465f887b45975b6e389d42e9e6a3857888"
    }
  },
  {
    "ID": "libcurl@7.61.1-r0",
    "Name": "libcurl",
    "Version": "7.61.1-r0",
    "SrcName": "curl",
    "SrcVersion": "7.61.1-r0",
    "Licenses": [
      "MIT"
    ],
    "DependsOn": [
      "ca-certificates@20171114-r0",
      "libressl2.6-libcrypto@2.6.5-r0",
      "libressl2.6-libssl@2.6.5-r0",
      "libssh2@1.8.0-r2",
      "musl@1.1.18-r3",
      "zlib@1.2.11-r1"
    ],
    "Layer": {
      "Digest": "sha256:3d6152f6ac208640f9fb494d1c379fe508db1fc5754cd08fefec200bddd13e0e",
      "DiffID": "sha256:6408527580eade39c2692dbb6b0f6a9321448d06ea1c2eef06bb7f37da9c5013"
    }
  },
  {
    "ID": "libedit@20170329.3.1-r3",
    "Name": "libedit",
    "Version": "20170329.3.1-r3",
    "SrcName": "libedit",
    "SrcVersion": "20170329.3.1-r3",
    "Licenses": [
      "BSD-3-Clause"
    ],
    "DependsOn": [
      "musl@1.1.18-r3",
      "ncurses-libs@6.0_p20171125-r1"
    ],
    "Layer": {
      "Digest": "sha256:3d6152f6ac208640f9fb494d1c379fe508db1fc5754cd08fefec200bddd13e0e",
      "DiffID": "sha256:6408527580eade39c2692dbb6b0f6a9321448d06ea1c2eef06bb7f37da9c5013"
    }
  },
  {
    "ID": "libffi@3.2.1-r4",
    "Name": "libffi",
    "Version": "3.2.1-r4",
    "SrcName": "libffi",
    "SrcVersion": "3.2.1-r4",
    "Licenses": [
      "MIT"
    ],
    "DependsOn": [
      "musl@1.1.18-r3"
    ],
    "Layer": {
      "Digest": "sha256:c191915691a422a1b0230c9010165ff655204a9fd95e3b43151132bcb237826b",
      "DiffID": "sha256:2da3602d664dd3f71fae83cbc566d4e80b432c6ee8bb4efd94c8e85122f503d4"
    }
  },
  {
    "ID": "libressl@2.6.5-r0",
    "Name": "libressl",
    "Version": "2.6.5-r0",
    "SrcName": "libressl",
    "SrcVersion": "2.6.5-r0",
    "Licenses": [
      "custom"
    ],
    "DependsOn": [
      "libressl2.6-libcrypto@2.6.5-r0",
      "libressl2.6-libssl@2.6.5-r0",
      "libressl2.6-libtls@2.6.5-r0",
      "musl@1.1.18-r3"
    ],
    "Layer": {
      "Digest": "sha256:88777455d910410652665cec0149a02db3584d6dc26e306788a3532d480b00ae",
      "DiffID": "sha256:0ea33a93585cf1917ba522b2304634c3073654062d5282c1346322967790ef33"
    }
  },
  {
    "ID": "libressl2.6-libcrypto@2.6.5-r0",
    "Name": "libressl2.6-libcrypto",
    "Version": "2.6.5-r0",
    "SrcName": "libressl",
    "SrcVersion": "2.6.5-r0",
    "Licenses": [
      "custom"
    ],
    "DependsOn": [
      "musl@1.1.18-r3"
    ],
    "Layer": {
      "Digest": "sha256:c67f3896b22c1378881cbbb9c9d1edfe881fd07f713371835ef46d93c649684d",
      "DiffID": "sha256:ebf12965380b39889c99a9c02e82ba465f887b45975b6e389d42e9e6a3857888"
    }
  },
  {
    "ID": "libressl2.6-libssl@2.6.5-r0",
    "Name": "libressl2.6-libssl",
    "Version": "2.6.5-r0",
    "SrcName": "libressl",
    "SrcVersion": "2.6.5-r0",
    "Licenses": [
      "custom"
    ],
    "DependsOn": [
      "libressl2.6-libcrypto@2.6.5-r0",
      "musl@1.1.18-r3"
    ],
    "Layer": {
      "Digest": "sha256:c67f3896b22c1378881cbbb9c9d1edfe881fd07f713371835ef46d93c649684d",
      "DiffID": "sha256:ebf12965380b39889c99a9c02e82ba465f887b45975b6e389d42e9e6a3857888"
    }
  },
  {
    "ID": "libressl2.6-libtls@2.6.5-r0",
    "Name": "libressl2.6-libtls",
    "Version": "2.6.5-r0",
    "SrcName": "libressl",
    "SrcVersion": "2.6.5-r0",
    "Licenses": [
      "custom"
    ],
    "DependsOn": [
      "libressl2.6-libcrypto@2.6.5-r0",
      "libressl2.6-libssl@2.6.5-r0",
      "musl@1.1.18-r3"
    ],
    "Layer": {
      "Digest": "sha256:c67f3896b22c1378881cbbb9c9d1edfe881fd07f713371835ef46d93c649684d",
      "DiffID": "sha256:ebf12965380b39889c99a9c02e82ba465f887b45975b6e389d42e9e6a3857888"
    }
  },
  {
    "ID": "libsasl@2.1.26-r11",
    "Name": "libsasl",
    "Version": "2.1.26-r11",
    "SrcName": "cyrus-sasl",
    "SrcVersion": "2.1.26-r11",
    "Licenses": [
      "custom"
    ],
    "DependsOn": [
      "db@5.3.28-r0",
      "musl@1.1.18-r3"
    ],
    "Layer": {
      "Digest": "sha256:c191915691a422a1b0230c9010165ff655204a9fd95e3b43151132bcb237826b",
      "DiffID": "sha256:2da3602d664dd3f71fae83cbc566d4e80b432c6ee8bb4efd94c8e85122f503d4"
    }
  },
  {
    "ID": "libsodium@1.0.15-r0",
    "Name": "libsodium",
    "Version": "1.0.15-r0",
    "SrcName": "libsodium",
    "SrcVersion": "1.0.15-r0",
    "Licenses": [
      "ISC"
    ],
    "DependsOn": [
      "musl@1.1.18-r3"
    ],
    "Layer": {
      "Digest": "sha256:3d6152f6ac208640f9fb494d1c379fe508db1fc5754cd08fefec200bddd13e0e",
      "DiffID": "sha256:6408527580eade39c2692dbb6b0f6a9321448d06ea1c2eef06bb7f37da9c5013"
    }
  },
  {
    "ID": "libssh2@1.8.0-r2",
    "Name": "libssh2",
    "Version": "1.8.0-r2",
    "SrcName": "libssh2",
    "SrcVersion": "1.8.0-r2",
    "Licenses": [
      "BSD-3-Clause"
    ],
    "DependsOn": [
      "libressl2.6-libcrypto@2.6.5-r0",
      "musl@1.1.18-r3",
      "zlib@1.2.11-r1"
    ],
    "Layer": {
      "Digest": "sha256:88777455d910410652665cec0149a02db3584d6dc26e306788a3532d480b00ae",
      "DiffID": "sha256:0ea33a93585cf1917ba522b2304634c3073654062d5282c1346322967790ef33"
    }
  },
  {
    "ID": "libuuid@2.31-r0",
    "Name": "libuuid",
    "Version": "2.31-r0",
    "SrcName": "util-linux",
    "SrcVersion": "2.31-r0",
    "Licenses": [
      "GPL-2.0",
      "GPL-2.0",
      "LGPL-2.0",
      "BSD-3-Clause",
      "Public",
      "Domain"
    ],
    "DependsOn": [
      "musl@1.1.18-r3"
    ],
    "Layer": {
      "Digest": "sha256:c191915691a422a1b0230c9010165ff655204a9fd95e3b43151132bcb237826b",
      "DiffID": "sha256:2da3602d664dd3f71fae83cbc566d4e80b432c6ee8bb4efd94c8e85122f503d4"
    }
  },
  {
    "ID": "libxml2@2.9.7-r0",
    "Name": "libxml2",
    "Version": "2.9.7-r0",
    "SrcName": "libxml2",
    "SrcVersion": "2.9.7-r0",
    "Licenses": [
      "MIT"
    ],
    "DependsOn": [
      "musl@1.1.18-r3",
      "zlib@1.2.11-r1"
    ],
    "Layer": {
      "Digest": "sha256:3d6152f6ac208640f9fb494d1c379fe508db1fc5754cd08fefec200bddd13e0e",
      "DiffID": "sha256:6408527580eade39c2692dbb6b0f6a9321448d06ea1c2eef06bb7f37da9c5013"
    }
  },
  {
    "ID": "mercurial@4.5.2-r0",
    "Name": "mercurial",
    "Version": "4.5.2-r0",
    "SrcName": "mercurial",
    "SrcVersion": "4.5.2-r0",
    "Licenses": [
      "GPL-2.0"
    ],
    "DependsOn": [
      "musl@1.1.18-r3",
      "python2@2.7.15-r2"
    ],
    "Layer": {
      "Digest": "sha256:c191915691a422a1b0230c9010165ff655204a9fd95e3b43151132bcb237826b",
      "DiffID": "sha256:2da3602d664dd3f71fae83cbc566d4e80b432c6ee8bb4efd94c8e85122f503d4"
    }
  },
  {
    "ID": "musl@1.1.18-r3",
    "Name": "musl",
    "Version": "1.1.18-r3",
    "SrcName": "musl",
    "SrcVersion": "1.1.18-r3",
    "Licenses": [
      "MIT"
    ],
    "Layer": {
      "Digest": "sha256:c67f3896b22c1378881cbbb9c9d1edfe881fd07f713371835ef46d93c649684d",
      "DiffID": "sha256:ebf12965380b39889c99a9c02e82ba465f887b45975b6e389d42e9e6a3857888"
    }
  },
  {
    "ID": "musl-utils@1.1.18-r3",
    "Name": "musl-utils",
    "Version": "1.1.18-r3",
    "SrcName": "musl",
    "SrcVersion": "1.1.18-r3",
    "Licenses": [
      "MIT",
      "BSD-3-Clause",
      "GPL-2.0"
    ],
    "DependsOn": [
      "musl@1.1.18-r3",
      "scanelf@1.2.2-r1"
    ],
    "Layer": {
      "Digest": "sha256:c67f3896b22c1378881cbbb9c9d1edfe881fd07f713371835ef46d93c649684d",
      "DiffID": "sha256:ebf12965380b39889c99a9c02e82ba465f887b45975b6e389d42e9e6a3857888"
    }
  },
  {
    "ID": "ncurses-libs@6.0_p20171125-r1",
    "Name": "ncurses-libs",
    "Version": "6.0_p20171125-r1",
    "SrcName": "ncurses",
    "SrcVersion": "6.0_p20171125-r1",
    "Licenses": [
      "MIT"
    ],
    "DependsOn": [
      "musl@1.1.18-r3",
      "ncurses-terminfo-base@6.0_p20171125-r1",
      "ncurses-terminfo@6.0_p20171125-r1"
    ],
    "Layer": {
      "Digest": "sha256:3d6152f6ac208640f9fb494d1c379fe508db1fc5754cd08fefec200bddd13e0e",
      "DiffID": "sha256:6408527580eade39c2692dbb6b0f6a9321448d06ea1c2eef06bb7f37da9c5013"
    }
  },
  {
    "ID": "ncurses-terminfo@6.0_p20171125-r1",
    "Name": "ncurses-terminfo",
    "Version": "6.0_p20171125-r1",
    "SrcName": "ncurses",
    "SrcVersion": "6.0_p20171125-r1",
    "Licenses": [
      "MIT"
    ],
    "DependsOn": [
      "ncurses-terminfo-base@6.0_p20171125-r1"
    ],
    "Layer": {
      "Digest": "sha256:3d6152f6ac208640f9fb494d1c379fe508db1fc5754cd08fefec200bddd13e0e",
      "DiffID": "sha256:6408527580eade39c2692dbb6b0f6a9321448d06ea1c2eef06bb7f37da9c5013"
    }
  },
  {
    "ID": "ncurses-terminfo-base@6.0_p20171125-r1",
    "Name": "ncurses-terminfo-base",
    "Version": "6.0_p20171125-r1",
    "SrcName": "ncurses",
    "SrcVersion": "6.0_p20171125-r1",
    "Licenses": [
      "MIT"
    ],
    "Layer": {
      "Digest": "sha256:3d6152f6ac208640f9fb494d1c379fe508db1fc5754cd08fefec200bddd13e0e",
      "DiffID": "sha256:6408527580eade39c2692dbb6b0f6a9321448d06ea1c2eef06bb7f37da9c5013"
    }
  },
  {
    "ID": "openssh@7.5_p1-r9",
    "Name": "openssh",
    "Version": "7.5_p1-r9",
    "SrcName": "openssh",
    "SrcVersion": "7.5_p1-r9",
    "Licenses": [
      "as-is"
    ],
    "DependsOn": [
      "libressl2.6-libcrypto@2.6.5-r0",
      "musl@1.1.18-r3",
      "openssh-client@7.5_p1-r9",
      "openssh-server@7.5_p1-r9",
      "openssh-sftp-server@7.5_p1-r9"
    ],
    "Layer": {
      "Digest": "sha256:c191915691a422a1b0230c9010165ff655204a9fd95e3b43151132bcb237826b",
      "DiffID": "sha256:2da3602d664dd3f71fae83cbc566d4e80b432c6ee8bb4efd94c8e85122f503d4"
    }
  },
  {
    "ID": "openssh-client@7.5_p1-r9",
    "Name": "openssh-client",
    "Version": "7.5_p1-r9",
    "SrcName": "openssh",
    "SrcVersion": "7.5_p1-r9",
    "Licenses": [
      "as-is"
    ],
    "DependsOn": [
      "libressl2.6-libcrypto@2.6.5-r0",
      "musl@1.1.18-r3",
      "openssh-keygen@7.5_p1-r9",
      "zlib@1.2.11-r1"
    ],
    "Layer": {
      "Digest": "sha256:c191915691a422a1b0230c9010165ff655204a9fd95e3b43151132bcb237826b",
      "DiffID": "sha256:2da3602d664dd3f71fae83cbc566d4e80b432c6ee8bb4efd94c8e85122f503d4"
    }
  },
  {
    "ID": "openssh-keygen@7.5_p1-r9",
    "Name": "openssh-keygen",
    "Version": "7.5_p1-r9",
    "SrcName": "openssh",
    "SrcVersion": "7.5_p1-r9",
    "Licenses": [
      "as-is"
    ],
    "DependsOn": [
      "libressl2.6-libcrypto@2.6.5-r0",
      "musl@1.1.18-r3"
    ],
    "Layer": {
      "Digest": "sha256:c191915691a422a1b0230c9010165ff655204a9fd95e3b43151132bcb237826b",
      "DiffID": "sha256:2da3602d664dd3f71fae83cbc566d4e80b432c6ee8bb4efd94c8e85122f503d4"
    }
  },
  {
    "ID": "openssh-server@7.5_p1-r9",
    "Name": "openssh-server",
    "Version": "7.5_p1-r9",
    "SrcName": "openssh",
    "SrcVersion": "7.5_p1-r9",
    "Licenses": [
      "as-is"
    ],
    "DependsOn": [
      "libressl2.6-libcrypto@2.6.5-r0",
      "musl@1.1.18-r3",
      "openssh-keygen@7.5_p1-r9",
      "openssh-server-common@7.5_p1-r9",
      "zlib@1.2.11-r1"
    ],
    "Layer": {
      "Digest": "sha256:c191915691a422a1b0230c9010165ff655204a9fd95e3b43151132bcb237826b",
      "DiffID": "sha256:2da3602d664dd3f71fae83cbc566d4e80b432c6ee8bb4efd94c8e85122f503d4"
    }
  },
  {
    "ID": "openssh-server-common@7.5_p1-r9",
    "Name": "openssh-server-common",
    "Version": "7.5_p1-r9",
    "SrcName": "openssh",
    "SrcVersion": "7.5_p1-r9",
    "Licenses": [
      "as-is"
    ],
    "Layer": {
      "Digest": "sha256:c191915691a422a1b0230c9010165ff655204a9fd95e3b43151132bcb237826b",
      "DiffID": "sha256:2da3602d664dd3f71fae83cbc566d4e80b432c6ee8bb4efd94c8e85122f503d4"
    }
  },
  {
    "ID": "openssh-sftp-server@7.5_p1-r9",
    "Name": "openssh-sftp-server",
    "Version": "7.5_p1-r9",
    "SrcName": "openssh",
    "SrcVersion": "7.5_p1-r9",
    "Licenses": [
      "as-is"
    ],
    "DependsOn": [
      "musl@1.1.18-r3"
    ],
    "Layer": {
      "Digest": "sha256:c191915691a422a1b0230c9010165ff655204a9fd95e3b43151132bcb237826b",
      "DiffID": "sha256:2da3602d664dd3f71fae83cbc566d4e80b432c6ee8bb4efd94c8e85122f503d4"
    }
  },
  {
    "ID": "patch@2.7.5-r2",
    "Name": "patch",
    "Version": "2.7.5-r2",
    "SrcName": "patch",
    "SrcVersion": "2.7.5-r2",
    "Licenses": [
      "GPL-3.0"
    ],
    "DependsOn": [
      "musl@1.1.18-r3"
    ],
    "Layer": {
      "Digest": "sha256:c191915691a422a1b0230c9010165ff655204a9fd95e3b43151132bcb237826b",
      "DiffID": "sha256:2da3602d664dd3f71fae83cbc566d4e80b432c6ee8bb4efd94c8e85122f503d4"
    }
  },
  {
    "ID": "pcre2@10.30-r0",
    "Name": "pcre2",
    "Version": "10.30-r0",
    "SrcName": "pcre2",
    "SrcVersion": "10.30-r0",
    "Licenses": [
      "BSD-3-Clause"
    ],
    "DependsOn": [
      "musl@1.1.18-r3"
    ],
    "Layer": {
      "Digest": "sha256:c191915691a422a1b0230c9010165ff655204a9fd95e3b43151132bcb237826b",
      "DiffID": "sha256:2da3602d664dd3f71fae83cbc566d4e80b432c6ee8bb4efd94c8e85122f503d4"
    }
  },
  {
    "ID": "pkgconf@1.3.10-r0",
    "Name": "pkgconf",
    "Version": "1.3.10-r0",
    "SrcName": "pkgconf",
    "SrcVersion": "1.3.10-r0",
    "Licenses": [
      "ISC"
    ],
    "DependsOn": [
      "musl@1.1.18-r3"
    ],
    "Layer": {
      "Digest": "sha256:c191915691a422a1b0230c9010165ff655204a9fd95e3b43151132bcb237826b",
      "DiffID": "sha256:2da3602d664dd3f71fae83cbc566d4e80b432c6ee8bb4efd94c8e85122f503d4"
    }
  },
  {
    "ID": "python2@2.7.15-r2",
    "Name": "python2",
    "Version": "2.7.15-r2",
    "SrcName": "python2",
    "SrcVersion": "2.7.15-r2",
    "Licenses": [
      "custom"
    ],
    "DependsOn": [
      "expat@2.2.5-r0",
      "gdbm@1.13-r1",
      "libbz2@1.0.6-r6",
      "libffi@3.2.1-r4",
      "libressl2.6-libcrypto@2.6.5-r0",
      "libressl2.6-libssl@2.6.5-r0",
      "musl@1.1.18-r3",
      "ncurses-libs@6.0_p20171125-r1",
      "readline@7.0.003-r0",
      "sqlite-libs@3.21.0-r1",
      "zlib@1.2.11-r1"
    ],
    "Layer": {
      "Digest": "sha256:c191915691a422a1b0230c9010165ff655204a9fd95e3b43151132bcb237826b",
      "DiffID": "sha256:2da3602d664dd3f71fae83cbc566d4e80b432c6ee8bb4efd94c8e85122f503d4"
    }
  },
  {
    "ID": "readline@7.0.003-r0",
    "Name": "readline",
    "Version": "7.0.003-r0",
    "SrcName": "readline",
    "SrcVersion": "7.0.003-r0",
    "Licenses": [
      "GPL-3.0"
    ],
    "DependsOn": [
      "musl@1.1.18-r3",
      "ncurses-libs@6.0_p20171125-r1"
    ],
    "Layer": {
      "Digest": "sha256:c191915691a422a1b0230c9010165ff655204a9fd95e3b43151132bcb237826b",
      "DiffID": "sha256:2da3602d664dd3f71fae83cbc566d4e80b432c6ee8bb4efd94c8e85122f503d4"
    }
  },
  {
    "ID": "scanelf@1.2.2-r1",
    "Name": "scanelf",
    "Version": "1.2.2-r1",
    "SrcName": "pax-utils",
    "SrcVersion": "1.2.2-r1",
    "Licenses": [
      "GPL-2.0"
    ],
    "DependsOn": [
      "musl@1.1.18-r3"
    ],
    "Layer": {
      "Digest": "sha256:c67f3896b22c1378881cbbb9c9d1edfe881fd07f713371835ef46d93c649684d",
      "DiffID": "sha256:ebf12965380b39889c99a9c02e82ba465f887b45975b6e389d42e9e6a3857888"
    }
  },
  {
    "ID": "serf@1.3.9-r3",
    "Name": "serf",
    "Version": "1.3.9-r3",
    "SrcName": "serf",
    "SrcVersion": "1.3.9-r3",
    "Licenses": [
      "ASL2.0"
    ],
    "DependsOn": [
      "apr-util@1.6.1-r1",
      "apr@1.6.3-r0",
      "libressl2.6-libcrypto@2.6.5-r0",
      "libressl2.6-libssl@2.6.5-r0",
      "musl@1.1.18-r3",
      "zlib@1.2.11-r1"
    ],
    "Layer": {
      "Digest": "sha256:c191915691a422a1b0230c9010165ff655204a9fd95e3b43151132bcb237826b",
      "DiffID": "sha256:2da3602d664dd3f71fae83cbc566d4e80b432c6ee8bb4efd94c8e85122f503d4"
    }
  },
  {
    "ID": "sqlite-libs@3.21.0-r1",
    "Name": "sqlite-libs",
    "Version": "3.21.0-r1",
    "SrcName": "sqlite",
    "SrcVersion": "3.21.0-r1",
    "Licenses": [
      "custom"
    ],
    "DependsOn": [
      "musl@1.1.18-r3"
    ],
    "Layer": {
      "Digest": "sha256:c191915691a422a1b0230c9010165ff655204a9fd95e3b43151132bcb237826b",
      "DiffID": "sha256:2da3602d664dd3f71fae83cbc566d4e80b432c6ee8bb4efd94c8e85122f503d4"
    }
  },
  {
    "ID": "ssl_client@1.27.2-r11",
    "Name": "ssl_client",
    "Version": "1.27.2-r11",
    "SrcName": "busybox",
    "SrcVersion": "1.27.2-r11",
    "Licenses": [
      "GPL-2.0"
    ],
    "DependsOn": [
      "libressl2.6-libtls@2.6.5-r0",
      "musl@1.1.18-r3"
    ],
    "Layer": {
      "Digest": "sha256:c67f3896b22c1378881cbbb9c9d1edfe881fd07f713371835ef46d93c649684d",
      "DiffID": "sha256:ebf12965380b39889c99a9c02e82ba465f887b45975b6e389d42e9e6a3857888"
    }
  },
  {
    "ID": "subversion@1.9.7-r0",
    "Name": "subversion",
    "Version": "1.9.7-r0",
    "SrcName": "subversion",
    "SrcVersion": "1.9.7-r0",
    "Licenses": [
      "Apache-2.0",
      "BSD-3-Clause"
    ],
    "DependsOn": [
      "apr-util@1.6.1-r1",
      "apr@1.6.3-r0",
      "busybox@1.27.2-r11",
      "libsasl@2.1.26-r11",
      "musl@1.1.18-r3",
      "subversion-libs@1.9.7-r0"
    ],
    "Layer": {
      "Digest": "sha256:c191915691a422a1b0230c9010165ff655204a9fd95e3b43151132bcb237826b",
      "DiffID": "sha256:2da3602d664dd3f71fae83cbc566d4e80b432c6ee8bb4efd94c8e85122f503d4"
    }
  },
  {
    "ID": "subversion-libs@1.9.7-r0",
    "Name": "subversion-libs",
    "Version": "1.9.7-r0",
    "SrcName": "subversion",
    "SrcVersion": "1.9.7-r0",
    "Licenses": [
      "Apache-2.0",
      "BSD-3-Clause"
    ],
    "DependsOn": [
      "apr-util@1.6.1-r1",
      "apr@1.6.3-r0",
      "db@5.3.28-r0",
      "expat@2.2.5-r0",
      "libsasl@2.1.26-r11",
      "musl@1.1.18-r3",
      "serf@1.3.9-r3",
      "sqlite-libs@3.21.0-r1",
      "zlib@1.2.11-r1"
    ],
    "Layer": {
      "Digest": "sha256:c191915691a422a1b0230c9010165ff655204a9fd95e3b43151132bcb237826b",
      "DiffID": "sha256:2da3602d664dd3f71fae83cbc566d4e80b432c6ee8bb4efd94c8e85122f503d4"
    }
  },
  {
    "ID": "tar@1.29-r1",
    "Name": "tar",
    "Version": "1.29-r1",
    "SrcName": "tar",
    "SrcVersion": "1.29-r1",
    "Licenses": [
      "GPL-3.0"
    ],
    "DependsOn": [
      "musl@1.1.18-r3"
    ],
    "Layer": {
      "Digest": "sha256:88777455d910410652665cec0149a02db3584d6dc26e306788a3532d480b00ae",
      "DiffID": "sha256:0ea33a93585cf1917ba522b2304634c3073654062d5282c1346322967790ef33"
    }
  },
  {
    "ID": "tini@0.16.1-r0",
    "Name": "tini",
    "Version": "0.16.1-r0",
    "SrcName": "tini",
    "SrcVersion": "0.16.1-r0",
    "Licenses": [
      "MIT"
    ],
    "DependsOn": [
      "musl@1.1.18-r3"
    ],
    "Layer": {
      "Digest": "sha256:c191915691a422a1b0230c9010165ff655204a9fd95e3b43151132bcb237826b",
      "DiffID": "sha256:2da3602d664dd3f71fae83cbc566d4e80b432c6ee8bb4efd94c8e85122f503d4"
    }
  },
  {
    "ID": "xz@5.2.3-r1",
    "Name": "xz",
    "Version": "5.2.3-r1",
    "SrcName": "xz",
    "SrcVersion": "5.2.3-r1",
    "Licenses": [
      "custom"
    ],
    "DependsOn": [
      "musl@1.1.18-r3",
      "xz-libs@5.2.3-r1"
    ],
    "Layer": {
      "Digest": "sha256:88777455d910410652665cec0149a02db3584d6dc26e306788a3532d480b00ae",
      "DiffID": "sha256:0ea33a93585cf1917ba522b2304634c3073654062d5282c1346322967790ef33"
    }
  },
  {
    "ID": "xz-libs@5.2.3-r1",
    "Name": "xz-libs",
    "Version": "5.2.3-r1",
    "SrcName": "xz",
    "SrcVersion": "5.2.3-r1",
    "Licenses": [
      "custom"
    ],
    "DependsOn": [
      "musl@1.1.18-r3"
    ],
    "Layer": {
      "Digest": "sha256:88777455d910410652665cec0149a02db3584d6dc26e306788a3532d480b00ae",
      "DiffID": "sha256:0ea33a93585cf1917ba522b2304634c3073654062d5282c1346322967790ef33"
    }
  },
  {
    "ID": "zlib@1.2.11-r1",
    "Name": "zlib",
    "Version": "1.2.11-r1",
    "SrcName": "zlib",
    "SrcVersion": "1.2.11-r1",
    "Licenses": [
      "Zlib"
    ],
    "DependsOn": [
      "musl@1.1.18-r3"
    ],
    "Layer": {
      "Digest": "sha256:c67f3896b22c1378881cbbb9c9d1edfe881fd07f713371835ef46d93c649684d",
      "DiffID": "sha256:ebf12965380b39889c99a9c02e82ba465f887b45975b6e389d42e9e6a3857888"
    }
  }
]